CGTN,https://0472.org/hls/cgtn.m3u8
CGTN,http://english-livetx.cgtn.com/hls/yypdyyctzb_hd.m3u8
CGTN,http://183.223.157.33:9901/tsfile/live/0017_1.m3u8?key=txiptv&playlive=1&authid=0
CGTN俄语,https://0472.org/hls/cgtne.m3u8
CGTN俄语,http://russian-livews.cgtn.com/hls/LSvexABhNipibK5KRuUkvHZ7220802LSTeze9o8tdFXMHsb1VosgoT220802cd.m3u8
CGTN法语,https://0472.org/hls/cgtnf.m3u8
CGTN法语,http://espanol-liveali.cgtn.com/hls/LSveOGBaBw41Ea7ukkVAUdKQ220802LSTexu6xAuFH8VZNBLE1ZNEa220802cd.m3u8
CGTN纪录,https://0472.org/hls/cgtnd.m3u8
CGTN纪录,https://english-livetx.cgtn.com/hls/yypdjlctzb_hd.m3u8
CGTN西语,https://0472.org/hls/cgtnx.m3u8
CGTN阿语,https://0472.org/hls/cgtna.m3u8
中国交通,http://drive.mxmy.net:8888/udp/239.3.1.188:8001
熊猫直播,https://gcwbndali.v.myalicdn.com/gcwbnd/ipanda1000_2/index.m3u8
直播中国,https://gcalic.v.myalicdn.com/gc/wgw05_1/index.m3u8?contentid=2820180516001
支持作者,https://vd3.bdstatic.com/mda-rkaittm5s06vzzyq/sc/cae_h264/1762869883709304452/mda-rkaittm5s06vzzyq.mp4
兵团卫视,http://183.11.239.36:808/hls/7/index.m3u8
兵团卫视,http://120.76.248.139/live/bfgd/4200000124.m3u8
兵团卫视,http://218.13.170.98:9901/tsfile/live/0115_1.m3u8
海峡卫视,http://8.138.7.223/tv/hxws.m3u8
海峡卫视,http://38.64.72.148:80/hls/modn/list/4009/chunklist0.m3u8
海峡卫视,http://38.64.72.148:80/hls/modn/list/4009/playlist.m3u8
海峡卫视,http://hlsbkmgsplive.miguvideo.com/migu/kailu/haixiaws/57/20230724/01.m3u8?msisdn=&Channel_ID=&ContentId=&HlsSubType=&HlsProfileId=&encrypt=
农林卫视,http://120.76.248.139/live/bfgd/4200000122.m3u8
农林卫视,http://8.138.7.223/【公众号：榴芒电视】/农林卫视.m3u8
东方卫视4K,https://bp-resource-dfl.bestv.cn/148/3/video.m3u8
北京卫视4K超,http://183.215.134.239:19901/tsfile/live/0122_1.m3u8?key=txiptv&playlive=1&authid=0
苏州4K,https://tylive.kan0512.com/norecord/csztv4k_4k.m3u8
科幻电影,https://yylunbo.ottiptv.cc/yy/1354930209
凤凰电影,http://iot-mqqt.111yao.cn:8080/live/diyp_fhdy.m3u8
龙华电影,https://cdn8.163189.xyz/live/lhdy/stream.m3u8
AMC电影,http://61.221.215.25:8800/hls/43/index.m3u8
1930年代经典电影,https://yylunbo.ottiptv.cc/yy/1356363815
28岁电影,https://goodiptv.club/douyu/8884164
CHC电影,http://183.237.95.108:9901/tsfile/live/1008_1.m3u8?key=txiptv&playlive=0&authid=0
YY果国际电影频道,https://yylunbo.ottiptv.cc/yy/1382627144
人在囧途,https://vip.ffzy-play.com/20221018/1953_2d6ba500/index.m3u8
人在囧途之泰囧,https://vip.ffzy-play.com/20221018/1951_47e1adc8/index.m3u8
人在囧途之港囧,https://vip.ffzy-play7.com/20230112/11082_fde1a94d/index.m3u8
倩女幽魂人间道,http://jsmov2.a.yximgs.com/bs3/video-hls/5250634317044855747_hlsb.m3u8
倩女幽魂妖魔道,http://jsmov2.a.yximgs.com/bs3/video-hls/5232901391302199073_hlsb.m3u8
倩女幽魂道道道,http://jsmov2.a.yximgs.com/bs3/video-hls/5216294367991385255_hlsb.m3u8
刘哔电影,https://goodiptv.club/douyu/2632223
发条张的电影最TOP,https://goodiptv.club/douyu/2164691
周星驰搞笑电影,https://yylunbo.ottiptv.cc/yy/38670875
唯爱经典影视,https://goodiptv.club/douyu/7582564
喜剧电影笑不停,https://goodiptv.club/douyu/10298856
国产动作电影,https://yylunbo.ottiptv.cc/yy/1382736858
国产大片电影,https://yylunbo.ottiptv.cc/yy/1354926655
国产电影就是闹着玩的,https://yylunbo.ottiptv.cc/yy/1354931503
国内玄幻电影林正英,https://yylunbo.ottiptv.cc/yy/1354932444
国内经典动作电影,https://yylunbo.ottiptv.cc/yy/1382851522
墨逗电影,https://goodiptv.club/douyu/9614847
夏洛特烦恼国内电影喜剧,https://yylunbo.ottiptv.cc/yy/1354936201
大江大河2高分影视推荐,https://yylunbo.ottiptv.cc/yy/1382736797
大进军全集红色系列电影,https://yylunbo.ottiptv.cc/yy/1382745083
奇幻冒险电影凯斯宾王子的魔法征途,https://yylunbo.ottiptv.cc/yy/1354926671
寒战,https://vip.ffzy-play6.com/20221019/157_bf0740ee/index.m3u8
岳云鹏宋小宝也来演电影了,https://yylunbo.ottiptv.cc/yy/1354926612
影视小艺,https://yylunbo.ottiptv.cc/yy/1382737886
影视笑工场,https://goodiptv.club/douyu/10298846
影视英雄汇,https://goodiptv.club/douyu/10240495
怪医文三块影视剧,https://yylunbo.ottiptv.cc/yy/1354936154
恐怖电影,https://yylunbo.ottiptv.cc/yy/24066336
悬疑武侠电影九门,https://yylunbo.ottiptv.cc/yy/1382828768
我不是药神,https://vip.ffzy-play1.com/20221018/478_c3afed66/index.m3u8
拆弹专家1,https://vip.ffzy-online.com/20221015/719_80ff87c2/index.m3u8
拆弹专家2,https://vip.ffzy-online.com/20221015/722_e32c42bc/index.m3u8
有部电影儿,https://goodiptv.club/douyu/9736479
末日系列外国电影合集,https://yylunbo.ottiptv.cc/yy/1354889019
林正英经典电影,https://yylunbo.ottiptv.cc/yy/34229877
梅艳芳主演喜剧电影,https://yylunbo.ottiptv.cc/yy/1382735627
欧美配音电影,https://yylunbo.ottiptv.cc/yy/1354693629
洛克电影,https://goodiptv.club/douyu/9414884
热血抗日电影,https://yylunbo.ottiptv.cc/yy/1382749907
熊猫电影,https://goodiptv.club/douyu/3506483
爆笑电影王牌大贱谍23,https://yylunbo.ottiptv.cc/yy/1382735556
特辑电影院,https://goodiptv.club/douyu/3637778
狗毛电影,https://goodiptv.club/douyu/9356637
电影,https://yylunbo.ottiptv.cc/yy/37454459
电影刘油果,https://goodiptv.club/douyu/3985805
电影功夫片,http://live.metshop.top/huya/11352941?cdn=alicdn
电影动作电影,http://live.metshop.top/huya/11602077?cdn=alicdn
电影周星星,http://live.metshop.top/huya/11336587?cdn=alicdn
电影战争片,http://live.metshop.top/huya/21059574?cdn=alicdn
电影搞笑喜剧,http://live.metshop.top/huya/11342423?cdn=alicdn
电影梁家辉,http://live.metshop.top/huya/11342429?cdn=alicdn
电影犯罪片,http://live.metshop.top/huya/11352974?cdn=alicdn
电影电影电影电影电影电影,https://yylunbo.ottiptv.cc/yy/1351496216
电影百团大战,https://yylunbo.ottiptv.cc/yy/1382736871
电影谍战片,http://live.metshop.top/huya/21059587?cdn=alicdn
电影迷小雅,https://goodiptv.club/douyu/9639225
电影黑匣子,https://goodiptv.club/douyu/8706652
电影黑豹,https://yylunbo.ottiptv.cc/yy/1382736816
粟裕大将影视,https://yylunbo.ottiptv.cc/yy/1354926542
粤语电影丶,https://goodiptv.club/douyu/1226741
精彩动作电影,https://yylunbo.ottiptv.cc/yy/1382736823
精彩动作电影享不停,https://yylunbo.ottiptv.cc/yy/1382736809
经典港片电影,https://yylunbo.ottiptv.cc/yy/1459801818
经典电影港片枪战,https://yylunbo.ottiptv.cc/yy/1355076627
经典电影重温,https://yylunbo.ottiptv.cc/yy/1382793140
让子弹飞,https://vip.ffzy-play7.com/20230116/11563_b9f44814/index.m3u8
贝爷求生影视,https://goodiptv.club/douyu/9661369
贰哥电影,https://goodiptv.club/douyu/9338867
超精彩系列动作电影,https://yylunbo.ottiptv.cc/yy/1382745096
野山鹰影视剧,https://yylunbo.ottiptv.cc/yy/1354932395
铁血影视汇,https://goodiptv.club/douyu/9649701
韩国电影2,https://stream.ads.ottera.tv/playlist.m3u8?network_id=743
龙门飞甲,http://jsmov2.a.yximgs.com/bs3/video-hls/5203346449046555193_hlsb.m3u8
纪实科教8K,http://111.31.106.140/downflv.brtvcloud.com/8klive/8kliveok.m3u8
北京纪实科教8K,https://gdcucc.v1.mk/gdcucc/brtv8k.m3u8
南国都市,https://tencentplay.gztv.com/live/nanguodushi.m3u8?txSecret=550af55c0ea34ce492748481415b6dfa&txTime=1903e7b17de
新视觉,http://120.76.248.139/live/bfgd/4200000249.m3u8
纪实科教,http://120.76.248.139/live/bfgd/4200000113.m3u8
广东少儿,http://gmxw.7766.org:808/hls/175/index.m3u8
动画大师姐,https://goodiptv.club/douyu/9742136
韩国EBS少儿,http://ebsonairios.ebs.co.kr/ebsutablet500k/tablet500k/playlist.m3u8
0小行家0,https://goodiptv.club/douyu/9280356
1900影剧室,https://goodiptv.club/douyu/7796193
7师傅,https://goodiptv.club/douyu/17732
Angela小兔,https://goodiptv.club/douyu/9617766
C座802,https://goodiptv.club/douyu/8768943
Hamor丶,https://goodiptv.club/douyu/7829715
Hi欣欣,https://goodiptv.club/douyu/11996166
JhZj丶天明,https://goodiptv.club/douyu/1006179
LOUIS樱,https://goodiptv.club/douyu/9235284
Only丶邵氏,https://goodiptv.club/douyu/4246519
Poison丶冰冰,https://goodiptv.club/douyu/74374
Svip丶YoYo,https://goodiptv.club/douyu/3472959
baby丶贝贝,https://goodiptv.club/douyu/431460
dw151295068,https://goodiptv.club/douyu/12655359
dy荒野建造,https://goodiptv.club/douyu/10039437
e尔袏,https://goodiptv.club/douyu/12015111
gslaini,https://goodiptv.club/douyu/6997954
illit礼,https://goodiptv.club/douyu/12065549
sweet夏有甜,https://goodiptv.club/douyu/4808115
一把钢刀镇斗虞,https://goodiptv.club/douyu/7356023
一条闲木鱼,https://goodiptv.club/douyu/10102281
一目十影,https://goodiptv.club/douyu/3643605
万事通熊猫,https://goodiptv.club/douyu/7812810
万合出品,https://goodiptv.club/douyu/9220456
万合鲜肉老师,https://goodiptv.club/douyu/9815091
三国颜老师,https://goodiptv.club/douyu/12253936
三年辅助一场空,https://goodiptv.club/douyu/5251148
世界未解之谜M,https://goodiptv.club/douyu/9369468
你的瑜伽女孩,https://goodiptv.club/douyu/10205199
你真像个小丑,https://goodiptv.club/douyu/10730187
俩个麻瓜,https://goodiptv.club/douyu/10121755
傲天皇妃sama,https://goodiptv.club/douyu/2073
傲娇的超级赛亚人,https://goodiptv.club/douyu/4373285
兔兔MC维辰软桃团,https://goodiptv.club/douyu/8266799
内蒙古欢乐驿站,https://goodiptv.club/douyu/9365077
刀刀de食堂,https://goodiptv.club/douyu/6733133
刘少丶7012,https://goodiptv.club/douyu/131977
刘松毅,https://goodiptv.club/douyu/12128227
勤时铭悦,https://goodiptv.club/douyu/8790357
北京影帝的分身,https://goodiptv.club/douyu/9805480
十七岁的道姑,https://goodiptv.club/douyu/3186217
卖女孩滴小姑凉,https://goodiptv.club/douyu/922564
南国小豆豆,https://goodiptv.club/douyu/3310454
卿离倾心,https://goodiptv.club/douyu/7286439
去种田的向凹凸,https://goodiptv.club/douyu/9570290
史君观影,https://goodiptv.club/douyu/9644669
吸奇侠,https://goodiptv.club/douyu/8986636
周扒片,https://goodiptv.club/douyu/6434857
哇萨比抓马WD,https://goodiptv.club/douyu/8808506
嘴巴鼻子没有沟,https://goodiptv.club/douyu/10217984
圈踢动漫,https://goodiptv.club/douyu/1952680
在回忆中寻找,https://goodiptv.club/douyu/12065601
培根悖论唠唠嗑,https://goodiptv.club/douyu/5354713
堇姑娘,https://goodiptv.club/douyu/297689
壹丨哥,https://goodiptv.club/douyu/5692901
夏利俊EWE路亚,https://goodiptv.club/douyu/9974427
大漠叔叔Dm,https://goodiptv.club/douyu/1109218
大胡子魏,https://goodiptv.club/douyu/8792763
大黄喵吖,https://goodiptv.club/douyu/12392971
天才大熊猫啊,https://goodiptv.club/douyu/10646699
奇光主播,https://goodiptv.club/douyu/8009547
奇光主播A,https://goodiptv.club/douyu/12789484
奇光主播q,https://goodiptv.club/douyu/12560807
奇兮兮悄陌,https://goodiptv.club/douyu/953193
奥雷卡尔克斯,https://goodiptv.club/douyu/1224356
女团社颜老师,https://goodiptv.club/douyu/11327316
好萌的企鹅393,https://goodiptv.club/douyu/10198644
宇宙探索飞船,https://goodiptv.club/douyu/9456028
宇宙视界,https://goodiptv.club/douyu/9498354
安安601801,https://goodiptv.club/douyu/11283504
宋小宝小品,https://goodiptv.club/douyu/9817729
小小天才搞笑视频,https://goodiptv.club/douyu/9419678
小小甜的骑士,https://goodiptv.club/douyu/9236042
小小鹿老师,https://goodiptv.club/douyu/9442889
小明不背锅up,https://goodiptv.club/douyu/117854
小林家的旗女仆,https://goodiptv.club/douyu/9211287
小毅主播A,https://goodiptv.club/douyu/12780285
小毅主播R,https://goodiptv.club/douyu/12080172
小毅主播e,https://goodiptv.club/douyu/11851549
小猪优版剧院,https://goodiptv.club/douyu/10297898
小青放映社,https://goodiptv.club/douyu/9314689
少打白骨精,https://goodiptv.club/douyu/11531165
岚FLL,https://goodiptv.club/douyu/9409703
崔杋圭五颜一,https://goodiptv.club/douyu/8189873
崔然竣舞台天才,https://goodiptv.club/douyu/113158
工藤新医heart,https://goodiptv.club/douyu/8741860
师落,https://goodiptv.club/douyu/6911044
开心嘴炮,https://goodiptv.club/douyu/9026377
开心麻花经典小品,https://goodiptv.club/douyu/10153463
开车大神,https://goodiptv.club/douyu/9759970
当燕双鹰遇见李元芳,https://goodiptv.club/douyu/3439096
彼岸心属MADEIN伊藤美优,https://goodiptv.club/douyu/40471
往事vs随风1,https://goodiptv.club/douyu/3113309
怡宝妹妹丶,https://goodiptv.club/douyu/434971
恨铁,https://goodiptv.club/douyu/6369954
恰饭橘,https://goodiptv.club/douyu/7974136
懒猫是只喵,https://goodiptv.club/douyu/260322
成龙历险纪,https://goodiptv.club/douyu/2287949
我叫萌迪迪V,https://goodiptv.club/douyu/5354705
我砸晕了牛顿奥,https://goodiptv.club/douyu/1218414
拳叔二次元,https://goodiptv.club/douyu/9484105
掌上Club,https://goodiptv.club/douyu/1770806
敢来碰我,https://goodiptv.club/douyu/10308225
敬汉卿250,https://goodiptv.club/douyu/2912165
文西与阿漆,https://goodiptv.club/douyu/8737695
昆特牌之大哥食正野,https://goodiptv.club/douyu/7919720
是个小可爱iiii,https://goodiptv.club/douyu/9650782
晓晓666666,https://goodiptv.club/douyu/426517
晴天峡谷柔情,https://goodiptv.club/douyu/12794504
智仗心,https://goodiptv.club/douyu/5635000
暴走漫画,https://goodiptv.club/douyu/1275878
暴躁少女零九,https://goodiptv.club/douyu/9065302
